// Vitest Snapshot v1, https://vitest.dev/guide/snapshot.html

exports[`Postman Examples > compose (mistral -> jina) 1`] = `"{"dag":{"nodes":[{"id":"summary-node","args":{"input_prompts":["summarize the following blog post: Seashells, the ocean's natural treasures, are more than just a pretty souvenir to collect during beach vacations. These fascinating creations of marine life offer a glimpse into a world that's as mysterious as it is beautiful. Let's dive into the swirling waves of seashell lore and discover what makes them so special. Firstly, seashells are not just lifeless ornaments. They are, in fact, the former homes of mollusks, a group of sea creatures that includes snails, clams, and oysters. Imagine if your house grew with you from birth – that's exactly how it works for these creatures! Their shells are made from a substance called calcium carbonate, and they keep expanding as the mollusk grows. The process is akin to crafting a masterpiece, layer by delicate layer, resulting in the intricate patterns and colors that we admire. But here's where it gets really interesting. Seashells are like the fingerprints of the ocean; no two are exactly alike. The color, shape, and size of each shell are influenced by the mollusk's diet, its environment, and even the temperature of the water. This means that each shell tells a unique story of its journey and the conditions it endured. In a way, each seashell is a diary of the sea. Now, let's talk about the symphony of shapes and sizes. From the spiraled elegance of a conch to the delicate ridges of a cockle shell, the variety is astounding. Some are so tiny that you could fit a dozen on a fingertip, while others, like the giant clam, grow to be as big as a basketball. The diversity is not just for show – each shape serves a purpose, whether it's to burrow into the sand or to withstand strong ocean currents.","foo"],"frequency_penalty":0.2,"temperature":0.1,"max_tokens":1200},"extra_args":{"model":"mistral-7b-instruct"},"_should_output_globally":true,"_to_adapters":[{"source_key":"completions","dest_key":"texts","transform":"get","transform_args":{"path":"completions[0].text"}},{"source_key":"texts","dest_key":null,"transform":"wrap_in_list","transform_args":{}},{"source_key":null,"dest_key":null,"transform":"pick","transform_args":{"keys":["texts"]}}],"class":"Mistral"},{"id":"embed-node","args":{"provider_ids":["fill this out","foob"],"split":false},"extra_args":{"model":"jina-base-v2"},"_should_output_globally":true,"class":"Jina"}],"edges":[["summary-node","embed-node",{}]],"initial_args":{}}}"`;
